// Jest Snapshot v1, https://goo.gl/fbAQLP

exports[`once rendered renders with state correctly 1`] = `
<button
  className="button button--blue"
>
  Button Text
</button>
`;
