// Jest Snapshot v1, https://goo.gl/fbAQLP

exports[`once rendered renders with state correctly 1`] = `
<section
  className="hcard-builder"
>
  <h1
    className="hcard-builder__title"
  >
    hCard Builder
  </h1>
  <form
    className="form"
    name="hCardForm"
    onSubmit={[MockFunction]}
  >
    <FormSection
      title="Personal Details"
    >
      <ul
        className="flex-row flex-row--columns-2"
      >
        <FormField
          as="li"
          className="flex-row__column"
          fieldId="givenName"
          label="Given Name"
          onFieldChange={[Function]}
          type="text"
        />
        <FormField
          as="li"
          className="flex-row__column"
          fieldId="surname"
          label="Surname"
          onFieldChange={[Function]}
          type="text"
        />
        <FormField
          as="li"
          className="flex-row__column"
          fieldId="email"
          label="Email"
          onFieldChange={[Function]}
          type="email"
        />
        <FormField
          as="li"
          className="flex-row__column"
          fieldId="phone"
          label="Phone"
          onFieldChange={[Function]}
          type="tel"
        />
      </ul>
    </FormSection>
    <FormSection
      title="Address"
    >
      <ul
        className="flex-row flex-row--columns-2"
      >
        <FormField
          as="li"
          className="flex-row__column"
          fieldId="houseNameOrNumber"
          label="House Name or #"
          onFieldChange={[Function]}
          type="text"
        />
        <FormField
          as="li"
          className="flex-row__column"
          fieldId="street"
          label="Street"
          onFieldChange={[Function]}
          type="text"
        />
        <FormField
          as="li"
          className="flex-row__column"
          fieldId="suburb"
          label="Suburb"
          onFieldChange={[Function]}
          type="text"
        />
        <FormField
          as="li"
          className="flex-row__column"
          fieldId="state"
          label="State"
          onFieldChange={[Function]}
          type="text"
        />
        <FormField
          as="li"
          className="flex-row__column"
          fieldId="postcode"
          label="Postcode"
          onFieldChange={[Function]}
          type="text"
        >
          <input
            onChange={[Function]}
            pattern="\\\\d*"
            type="number"
          />
        </FormField>
        <FormField
          as="li"
          className="flex-row__column"
          fieldId="country"
          label="Country"
          onFieldChange={[Function]}
          type="text"
        />
      </ul>
    </FormSection>
    <div
      className="flex-row flex-row--columns-2"
    >
      <div
        className="flex-row__column form__button-wrapper"
      >
        <FileUpload
          id="avatarFileUpload"
          labelClass="file-upload__label"
          onFileSelection={[Function]}
        >
          <Button
            as="span"
            colour="grey"
          >
            Upload Avatar
          </Button>
        </FileUpload>
      </div>
      <div
        className="flex-row__column form__button-wrapper"
      >
        <Button
          as="button"
          colour="blue"
          type="submit"
        >
          Create hCard
        </Button>
      </div>
    </div>
  </form>
</section>
`;
